// Jest Snapshot v1, https://goo.gl/fbAQLP

exports[`User snapshot page user 1`] = `
<div>
  <div>
    <div>
      <h2>User</h2>
      <p> </p>
    </div>
  </div>
</div>
`;
